// Jest Snapshot v1, https://goo.gl/fbAQLP

exports[`outputs the expected tree when (default) 1`] = `
<div
  className="header"
>
  <a
    aria-label="Home"
    href="#/"
  >
    <span
      className="fas fa-home"
    />
  </a>
  <a
    aria-label="Settings"
    href="#/settings"
  >
    <span
      className="fas fa-cog"
    />
  </a>
</div>
`;
