// Jest Snapshot v1, https://goo.gl/fbAQLP

exports[`outputs the expected tree when (default) 1`] = `
<div
  className="current-time row py-1 align-items-baseline"
>
  <div
    className="time col-6"
  >
    11:11
  </div>
  <div
    className="date col-6"
  >
    November 11th, 2019
  </div>
</div>
`;
