// Jest Snapshot v1, https://goo.gl/fbAQLP

exports[`outputs the expected tree when a prediction is passed 1`] = `
<div
  className=""
>
  <div
    className="font-weight-bold"
  >
    Inbound to Ferry Plaza
  </div>
  <div>
    @
    Mission St & 24th St
  </div>
</div>
`;

exports[`outputs the expected tree when a prediction is passed without a direction 1`] = `
<div
  className=""
>
  <div
    className="font-weight-bold"
  >
    Inbound to Ferry Plaza
  </div>
  <div>
    @
    Mission St & 24th St
  </div>
</div>
`;
