// Jest Snapshot v1, https://goo.gl/fbAQLP

exports[`outputs the expected tree when localstorage contains no routeStopTags 1`] = `
<div
  className=""
/>
`;

exports[`outputs the expected tree when localstorage contains routeStopTags 1`] = `
<div
  className=""
>
  <RouteStopCard
    className=""
    key="14|1234"
    routeTag="14"
  >
    <Button
      color="danger"
      onClick={[Function]}
      size="lg"
      tag="button"
    >
      Remove Stop
    </Button>
  </RouteStopCard>
</div>
`;
