// Jest Snapshot v1, https://goo.gl/fbAQLP

exports[`outputs the expected tree when (default) 1`] = `
<div
  className=""
>
  <p>
    <Button
      color="primary"
      onClick={[Function]}
      tag="button"
    >
      Set Sample LocalStorage Data
    </Button>
  </p>
  <p
    className="small"
  >
    Replace stored data with sample data.
  </p>
</div>
`;
