// Jest Snapshot v1, https://goo.gl/fbAQLP

exports[`outputs the expected tree when (default) 1`] = `
<ButtonGroup
  className=""
  role="group"
  tag="div"
>
  <Button
    color="secondary"
    onClick={[Function]}
    tag="button"
  >
    Dark
  </Button>
  <Button
    color="primary"
    onClick={[Function]}
    tag="button"
  >
    Light
  </Button>
</ButtonGroup>
`;
