// Jest Snapshot v1, https://goo.gl/fbAQLP

exports[`outputs the expected tree when there are no predictions 1`] = `
<div
  className="bus"
>
  <Card
    className="mb-2"
    tag="div"
  >
    <CardBody
      tag="div"
    >
      No bus stops added.
    </CardBody>
  </Card>
  <Predictions
    className=""
    onAddOrRemoveStop={[Function]}
    predictions={Array []}
    showBusRemove={false}
  />
  <div
    className="d-flex align-items-start justify-content-between"
  >
    <EditTogglers
      className=""
      predictions={Array []}
      showBusRemove={false}
      toggleAddStopForm={[Function]}
      toggleShowBusRemove={[Function]}
    />
    <TimeSinceLastUpdated
      className=""
      lastUpdated={null}
      msUntilWarning={20000}
    />
  </div>
</div>
`;

exports[`outputs the expected tree when there is at least one prediction in the array 1`] = `
<div
  className="bus"
>
  <Card
    className="mb-2"
    tag="div"
  >
    <CardBody
      tag="div"
    >
      No bus stops added.
    </CardBody>
  </Card>
  <Predictions
    className=""
    onAddOrRemoveStop={[Function]}
    predictions={Array []}
    showBusRemove={false}
  />
  <div
    className="d-flex align-items-start justify-content-between"
  >
    <EditTogglers
      className=""
      predictions={Array []}
      showBusRemove={false}
      toggleAddStopForm={[Function]}
      toggleShowBusRemove={[Function]}
    />
    <TimeSinceLastUpdated
      className=""
      lastUpdated={null}
      msUntilWarning={20000}
    />
  </div>
</div>
`;
